BL51 BANKED LINKER/LOCATER V6.22                                                        04/02/2018  17:53:19  PAGE 1


BL51 BANKED LINKER/LOCATER V6.22, INVOKED BY:
C:\KEIL\C51\BIN\BL51.EXE main1.obj TO project RAMSIZE (256)


MEMORY MODEL: SMALL


INPUT MODULES INCLUDED:
  main1.obj (MAIN1)
  C:\KEIL\C51\LIB\C51S.LIB (?C_STARTUP)


LINK MAP OF MODULE:  project (MAIN1)


            TYPE    BASE      LENGTH    RELOCATION   SEGMENT NAME
            -----------------------------------------------------

            * * * * * * *   D A T A   M E M O R Y   * * * * * * *
            REG     0000H     0008H     ABSOLUTE     "REG BANK 0"
            DATA    0008H     0001H     UNIT         ?DT?MAIN1
            IDATA   0009H     0001H     UNIT         ?STACK

            * * * * * * *   C O D E   M E M O R Y   * * * * * * *
            CODE    0000H     0003H     ABSOLUTE     
            CODE    0003H     0028H     UNIT         ?PR?MAIN?MAIN1
            CODE    002BH     001EH     UNIT         ?PR?_DELAY?MAIN1
            CODE    0049H     0010H     UNIT         ?CO?MAIN1
            CODE    0059H     000CH     UNIT         ?C_C51STARTUP



OVERLAY MAP OF MODULE:   project (MAIN1)


SEGMENT
  +--> CALLED SEGMENT
---------------------
?C_C51STARTUP
  +--> ?PR?MAIN?MAIN1

?PR?MAIN?MAIN1
  +--> ?CO?MAIN1
  +--> ?PR?_DELAY?MAIN1



SYMBOL TABLE OF MODULE:  project (MAIN1)

  VALUE           TYPE          NAME
  ----------------------------------

  -------         MODULE        MAIN1
  C:0000H         SYMBOL        _ICE_DUMMY_
  D:0080H         PUBLIC        P0
  D:0090H         PUBLIC        P1
  D:00A0H         PUBLIC        P2
  D:00B0H         PUBLIC        P3
BL51 BANKED LINKER/LOCATER V6.22                                                      04/02/2018  17:53:19  PAGE 2


  C:0049H         PUBLIC        table
  D:00A8H         PUBLIC        IE
  C:002BH         PUBLIC        _delay
  D:00B8H         PUBLIC        IP
  C:0003H         PUBLIC        main
  B:00A0H.6       PUBLIC        dula
  B:00A0H.7       PUBLIC        wela
  D:0098H         PUBLIC        SCON
  D:0088H         PUBLIC        TCON
  D:0008H         PUBLIC        num
  D:00C8H         PUBLIC        T2CON
  D:00D0H         PUBLIC        PSW
  -------         PROC          MAIN
  C:0003H         LINE#         18
  C:0003H         LINE#         19
  C:0003H         LINE#         20
  C:0005H         LINE#         21
  C:0008H         LINE#         22
  C:000AH         LINE#         23
  C:000AH         LINE#         24
  C:000AH         LINE#         25
  C:000DH         LINE#         26
  C:000DH         LINE#         27
  C:000FH         LINE#         28
  C:0017H         LINE#         29
  C:0019H         LINE#         30
  C:0020H         LINE#         31
  -------         ENDPROC       MAIN
  -------         PROC          _DELAY
  D:0006H         SYMBOL        xms
  -------         DO            
  D:0006H         SYMBOL        i
  D:0004H         SYMBOL        j
  -------         ENDDO         
  C:002BH         LINE#         34
  C:002BH         LINE#         35
  C:002BH         LINE#         37
  C:0034H         LINE#         38
  C:0048H         LINE#         39
  -------         ENDPROC       _DELAY
  -------         ENDMOD        MAIN1

Program Size: data=10.0 xdata=0 code=101
LINK/LOCATE RUN COMPLETE.  0 WARNING(S),  0 ERROR(S)
