BL51 BANKED LINKER/LOCATER V6.22                                                        02/04/2018  11:38:00  PAGE 1


BL51 BANKED LINKER/LOCATER V6.22, INVOKED BY:
C:\KEIL\C51\BIN\BL51.EXE main2.obj TO project RAMSIZE (256)


MEMORY MODEL: SMALL


INPUT MODULES INCLUDED:
  main2.obj (MAIN2)
  C:\KEIL\C51\LIB\C51S.LIB (?C_STARTUP)


LINK MAP OF MODULE:  project (MAIN2)


            TYPE    BASE      LENGTH    RELOCATION   SEGMENT NAME
            -----------------------------------------------------

            * * * * * * *   D A T A   M E M O R Y   * * * * * * *
            REG     0000H     0008H     ABSOLUTE     "REG BANK 0"
            IDATA   0008H     0001H     UNIT         ?STACK

            * * * * * * *   C O D E   M E M O R Y   * * * * * * *
            CODE    0000H     0003H     ABSOLUTE     
            CODE    0003H     000EH     UNIT         ?PR?DELAY?MAIN2
            CODE    0011H     000CH     UNIT         ?PR?MAIN?MAIN2
            CODE    001DH     000CH     UNIT         ?C_C51STARTUP



OVERLAY MAP OF MODULE:   project (MAIN2)


SEGMENT
  +--> CALLED SEGMENT
---------------------
?C_C51STARTUP
  +--> ?PR?MAIN?MAIN2

?PR?MAIN?MAIN2
  +--> ?PR?DELAY?MAIN2



SYMBOL TABLE OF MODULE:  project (MAIN2)

  VALUE           TYPE          NAME
  ----------------------------------

  -------         MODULE        MAIN2
  C:0000H         SYMBOL        _ICE_DUMMY_
  D:0090H         PUBLIC        P1
  D:00A0H         PUBLIC        P2
  D:00B0H         PUBLIC        P3
  D:00A8H         PUBLIC        IE
  C:0003H         PUBLIC        delay
  D:00B8H         PUBLIC        IP
  C:0011H         PUBLIC        main
BL51 BANKED LINKER/LOCATER V6.22                                                      02/04/2018  11:38:00  PAGE 2


  D:0098H         PUBLIC        SCON
  D:0088H         PUBLIC        TCON
  B:00A0H.0       PUBLIC        led1
  D:00C8H         PUBLIC        T2CON
  D:00D0H         PUBLIC        PSW
  -------         PROC          DELAY
  -------         DO            
  D:0006H         SYMBOL        i
  -------         ENDDO         
  C:0003H         LINE#         4
  C:0003H         LINE#         5
  C:0003H         LINE#         7
  C:0010H         LINE#         8
  -------         ENDPROC       DELAY
  -------         PROC          MAIN
  C:0011H         LINE#         9
  C:0011H         LINE#         10
  C:0011H         LINE#         11
  C:0011H         LINE#         12
  C:0011H         LINE#         13
  C:0013H         LINE#         14
  C:0016H         LINE#         15
  C:0018H         LINE#         16
  C:001BH         LINE#         17
  -------         ENDPROC       MAIN
  -------         ENDMOD        MAIN2

Program Size: data=9.0 xdata=0 code=41
LINK/LOCATE RUN COMPLETE.  0 WARNING(S),  0 ERROR(S)
