BL51 BANKED LINKER/LOCATER V6.22                                                        04/05/2018  17:39:41  PAGE 1


BL51 BANKED LINKER/LOCATER V6.22, INVOKED BY:
C:\KEIL\C51\BIN\BL51.EXE main3.obj TO project RAMSIZE (256)


MEMORY MODEL: SMALL


INPUT MODULES INCLUDED:
  main3.obj (MAIN3)
  C:\KEIL\C51\LIB\C51S.LIB (?C_STARTUP)
  C:\KEIL\C51\LIB\C51S.LIB (?C_INIT)


LINK MAP OF MODULE:  project (MAIN3)


            TYPE    BASE      LENGTH    RELOCATION   SEGMENT NAME
            -----------------------------------------------------

            * * * * * * *   D A T A   M E M O R Y   * * * * * * *
            REG     0000H     0008H     ABSOLUTE     "REG BANK 0"
            DATA    0008H     0002H     UNIT         ?DT?MAIN3
            IDATA   000AH     0001H     UNIT         ?STACK

            * * * * * * *   C O D E   M E M O R Y   * * * * * * *
            CODE    0000H     0003H     ABSOLUTE     
            CODE    0003H     0005H     UNIT         ?C_INITSEG
                    0008H     0003H                  *** GAP ***
            CODE    000BH     0003H     ABSOLUTE     
            CODE    000EH     008CH     UNIT         ?C_C51STARTUP
            CODE    009AH     0013H     UNIT         ?PR?MAIN?MAIN3
            CODE    00ADH     0013H     UNIT         ?PR?TIMER0?MAIN3
            CODE    00C0H     000DH     UNIT         ?PR?TIMER0INIT?MAIN3



OVERLAY MAP OF MODULE:   project (MAIN3)


SEGMENT
  +--> CALLED SEGMENT
---------------------
?C_C51STARTUP
  +--> ?PR?MAIN?MAIN3
  +--> ?C_INITSEG

?PR?MAIN?MAIN3
  +--> ?PR?TIMER0INIT?MAIN3



SYMBOL TABLE OF MODULE:  project (MAIN3)

  VALUE           TYPE          NAME
  ----------------------------------

  -------         MODULE        MAIN3
  C:0000H         SYMBOL        _ICE_DUMMY_
BL51 BANKED LINKER/LOCATER V6.22                                                      04/05/2018  17:39:41  PAGE 2


  D:0090H         PUBLIC        P1
  D:00B0H         PUBLIC        P3
  B:00A8H.7       PUBLIC        EA
  C:00C0H         PUBLIC        timer0init
  D:00A8H         PUBLIC        IE
  D:00B8H         PUBLIC        IP
  C:009AH         PUBLIC        main
  D:0098H         PUBLIC        SCON
  D:0089H         PUBLIC        TMOD
  D:0088H         PUBLIC        TCON
  B:00A8H.1       PUBLIC        ET0
  D:008CH         PUBLIC        TH0
  D:008AH         PUBLIC        TL0
  C:00ADH         PUBLIC        timer0
  B:0088H.4       PUBLIC        TR0
  B:0090H.0       PUBLIC        led1
  D:00C8H         PUBLIC        T2CON
  D:0008H         PUBLIC        i
  D:00D0H         PUBLIC        PSW
  -------         PROC          TIMER0INIT
  C:00C0H         LINE#         9
  C:00C0H         LINE#         10
  C:00C0H         LINE#         11
  C:00C0H         LINE#         12
  C:00C3H         LINE#         13
  C:00C6H         LINE#         14
  C:00C8H         LINE#         15
  C:00CAH         LINE#         16
  C:00CCH         LINE#         17
  -------         ENDPROC       TIMER0INIT
  -------         PROC          MAIN
  C:009AH         LINE#         19
  C:009AH         LINE#         20
  C:009AH         LINE#         21
  C:009DH         LINE#         22
  C:009DH         LINE#         23
  C:009DH         LINE#         24
  C:00A5H         LINE#         25
  C:00A5H         LINE#         26
  C:00A9H         LINE#         27
  C:00ABH         LINE#         28
  C:00ABH         LINE#         29
  -------         ENDPROC       MAIN
  -------         PROC          TIMER0
  C:00ADH         LINE#         32
  C:00AFH         LINE#         35
  C:00B2H         LINE#         36
  C:00B5H         LINE#         37
  C:00BDH         LINE#         40
  -------         ENDPROC       TIMER0
  -------         ENDMOD        MAIN3

Program Size: data=11.0 xdata=0 code=202
LINK/LOCATE RUN COMPLETE.  0 WARNING(S),  0 ERROR(S)
