BL51 BANKED LINKER/LOCATER V6.22                                                        04/02/2018  18:22:03  PAGE 1


BL51 BANKED LINKER/LOCATER V6.22, INVOKED BY:
C:\KEIL\C51\BIN\BL51.EXE main.obj TO project RAMSIZE (256)


MEMORY MODEL: SMALL


INPUT MODULES INCLUDED:
  main.obj (MAIN)
  C:\KEIL\C51\LIB\C51S.LIB (?C_STARTUP)


LINK MAP OF MODULE:  project (MAIN)


            TYPE    BASE      LENGTH    RELOCATION   SEGMENT NAME
            -----------------------------------------------------

            * * * * * * *   D A T A   M E M O R Y   * * * * * * *
            REG     0000H     0008H     ABSOLUTE     "REG BANK 0"
            DATA    0008H     0001H     UNIT         ?DT?MAIN
            IDATA   0009H     0001H     UNIT         ?STACK

            * * * * * * *   C O D E   M E M O R Y   * * * * * * *
            CODE    0000H     0003H     ABSOLUTE     
            CODE    0003H     0003H     ABSOLUTE     
            CODE    0006H     0030H     UNIT         ?PR?MAIN?MAIN
            CODE    0036H     001EH     UNIT         ?PR?_DELAY?MAIN
            CODE    0054H     0010H     UNIT         ?CO?MAIN
            CODE    0064H     000CH     UNIT         ?C_C51STARTUP
            CODE    0070H     0003H     UNIT         ?PR?EXTER0?MAIN



OVERLAY MAP OF MODULE:   project (MAIN)


SEGMENT
  +--> CALLED SEGMENT
---------------------
?C_C51STARTUP
  +--> ?PR?MAIN?MAIN

?PR?MAIN?MAIN
  +--> ?CO?MAIN
  +--> ?PR?_DELAY?MAIN



SYMBOL TABLE OF MODULE:  project (MAIN)

  VALUE           TYPE          NAME
  ----------------------------------

  -------         MODULE        MAIN
  C:0000H         SYMBOL        _ICE_DUMMY_
  D:0080H         PUBLIC        P0
  D:0090H         PUBLIC        P1
BL51 BANKED LINKER/LOCATER V6.22                                                      04/02/2018  18:22:03  PAGE 2


  D:00A0H         PUBLIC        P2
  D:00B0H         PUBLIC        P3
  B:00A8H.7       PUBLIC        EA
  C:0054H         PUBLIC        table
  D:00A8H         PUBLIC        IE
  C:0036H         PUBLIC        _delay
  B:0090H.0       PUBLIC        d1
  D:00B8H         PUBLIC        IP
  C:0006H         PUBLIC        main
  B:00A0H.6       PUBLIC        dula
  B:00A0H.7       PUBLIC        wela
  D:0098H         PUBLIC        SCON
  D:0088H         PUBLIC        TCON
  B:00A8H.0       PUBLIC        EX0
  B:0088H.0       PUBLIC        IT0
  D:0008H         PUBLIC        num
  C:0070H         PUBLIC        exter0
  D:00C8H         PUBLIC        T2CON
  D:00D0H         PUBLIC        PSW
  -------         PROC          MAIN
  C:0006H         LINE#         19
  C:0006H         LINE#         20
  C:0006H         LINE#         21
  C:0008H         LINE#         22
  C:000AH         LINE#         23
  C:000CH         LINE#         24
  C:000EH         LINE#         25
  C:0011H         LINE#         26
  C:0013H         LINE#         27
  C:0013H         LINE#         28
  C:0013H         LINE#         29
  C:0016H         LINE#         30
  C:0018H         LINE#         31
  C:001AH         LINE#         32
  C:0022H         LINE#         33
  C:0024H         LINE#         34
  C:002BH         LINE#         35
  -------         ENDPROC       MAIN
  -------         PROC          EXTER0
  C:0070H         LINE#         38
  C:0070H         LINE#         40
  C:0072H         LINE#         41
  -------         ENDPROC       EXTER0
  -------         PROC          _DELAY
  D:0006H         SYMBOL        xms
  -------         DO            
  D:0006H         SYMBOL        i
  D:0004H         SYMBOL        j
  -------         ENDDO         
  C:0036H         LINE#         42
  C:0036H         LINE#         43
  C:0036H         LINE#         45
  C:003FH         LINE#         46
  C:0053H         LINE#         47
  -------         ENDPROC       _DELAY
  -------         ENDMOD        MAIN

BL51 BANKED LINKER/LOCATER V6.22                                                      04/02/2018  18:22:03  PAGE 3


Program Size: data=10.0 xdata=0 code=115
LINK/LOCATE RUN COMPLETE.  0 WARNING(S),  0 ERROR(S)
