BL51 BANKED LINKER/LOCATER V6.22                                                        02/04/2018  14:03:04  PAGE 1


BL51 BANKED LINKER/LOCATER V6.22, INVOKED BY:
C:\KEIL\C51\BIN\BL51.EXE main.obj TO project RAMSIZE (256)


MEMORY MODEL: SMALL


INPUT MODULES INCLUDED:
  main.obj (MAIN)
  C:\KEIL\C51\LIB\C51S.LIB (?C_STARTUP)


LINK MAP OF MODULE:  project (MAIN)


            TYPE    BASE      LENGTH    RELOCATION   SEGMENT NAME
            -----------------------------------------------------

            * * * * * * *   D A T A   M E M O R Y   * * * * * * *
            REG     0000H     0008H     ABSOLUTE     "REG BANK 0"
            IDATA   0008H     0001H     UNIT         ?STACK

            * * * * * * *   C O D E   M E M O R Y   * * * * * * *
            CODE    0000H     0003H     ABSOLUTE     
            CODE    0003H     000CH     UNIT         ?C_C51STARTUP
            CODE    000FH     000BH     UNIT         ?PR?MAIN?MAIN
            CODE    001AH     000BH     UNIT         ?PR?_DELAY?MAIN



OVERLAY MAP OF MODULE:   project (MAIN)


SEGMENT
  +--> CALLED SEGMENT
---------------------
?C_C51STARTUP
  +--> ?PR?MAIN?MAIN

?PR?MAIN?MAIN
  +--> ?PR?_DELAY?MAIN



SYMBOL TABLE OF MODULE:  project (MAIN)

  VALUE           TYPE          NAME
  ----------------------------------

  -------         MODULE        MAIN
  C:0000H         SYMBOL        _ICE_DUMMY_
  D:0090H         PUBLIC        P1
  D:00B0H         PUBLIC        P3
  D:00A8H         PUBLIC        IE
  C:001AH         PUBLIC        _delay
  D:00B8H         PUBLIC        IP
  B:0090H.5       PUBLIC        beep
  C:000FH         PUBLIC        main
BL51 BANKED LINKER/LOCATER V6.22                                                      02/04/2018  14:03:04  PAGE 2


  D:0098H         PUBLIC        SCON
  D:0088H         PUBLIC        TCON
  D:00C8H         PUBLIC        T2CON
  D:00D0H         PUBLIC        PSW
  -------         PROC          MAIN
  C:000FH         LINE#         5
  C:000FH         LINE#         6
  C:000FH         LINE#         7
  C:000FH         LINE#         8
  C:000FH         LINE#         9
  C:0011H         LINE#         10
  C:0018H         LINE#         11
  -------         ENDPROC       MAIN
  -------         PROC          _DELAY
  D:0006H         SYMBOL        i
  C:001AH         LINE#         15
  C:001AH         LINE#         16
  C:001AH         LINE#         17
  C:0024H         LINE#         18
  -------         ENDPROC       _DELAY
  -------         ENDMOD        MAIN

Program Size: data=9.0 xdata=0 code=37
LINK/LOCATE RUN COMPLETE.  0 WARNING(S),  0 ERROR(S)
