BL51 BANKED LINKER/LOCATER V6.22                                                        02/04/2018  12:22:07  PAGE 1


BL51 BANKED LINKER/LOCATER V6.22, INVOKED BY:
C:\KEIL\C51\BIN\BL51.EXE main.obj TO project RAMSIZE (256)


MEMORY MODEL: SMALL


INPUT MODULES INCLUDED:
  main.obj (MAIN)
  C:\KEIL\C51\LIB\C51S.LIB (?C_STARTUP)


LINK MAP OF MODULE:  project (MAIN)


            TYPE    BASE      LENGTH    RELOCATION   SEGMENT NAME
            -----------------------------------------------------

            * * * * * * *   D A T A   M E M O R Y   * * * * * * *
            REG     0000H     0008H     ABSOLUTE     "REG BANK 0"
            DATA    0008H     0003H     UNIT         ?DT?MAIN
            IDATA   000BH     0001H     UNIT         ?STACK

            * * * * * * *   C O D E   M E M O R Y   * * * * * * *
            CODE    0000H     0003H     ABSOLUTE     
            CODE    0003H     005DH     UNIT         ?PR?MAIN?MAIN
            CODE    0060H     000EH     UNIT         ?PR?DELAY?MAIN
            CODE    006EH     000CH     UNIT         ?C_C51STARTUP



OVERLAY MAP OF MODULE:   project (MAIN)


SEGMENT
  +--> CALLED SEGMENT
---------------------
?C_C51STARTUP
  +--> ?PR?MAIN?MAIN

?PR?MAIN?MAIN
  +--> ?PR?DELAY?MAIN



SYMBOL TABLE OF MODULE:  project (MAIN)

  VALUE           TYPE          NAME
  ----------------------------------

  -------         MODULE        MAIN
  C:0000H         SYMBOL        _ICE_DUMMY_
  D:0090H         PUBLIC        P1
  D:00A0H         PUBLIC        P2
  D:00B0H         PUBLIC        P3
  D:00A8H         PUBLIC        IE
  C:0060H         PUBLIC        delay
  D:00B8H         PUBLIC        IP
BL51 BANKED LINKER/LOCATER V6.22                                                      02/04/2018  12:22:07  PAGE 2


  C:0003H         PUBLIC        main
  D:0098H         PUBLIC        SCON
  D:0088H         PUBLIC        TCON
  D:0008H         PUBLIC        aa
  D:00C8H         PUBLIC        T2CON
  D:0009H         PUBLIC        j
  D:00D0H         PUBLIC        PSW
  -------         PROC          DELAY
  -------         DO            
  D:0006H         SYMBOL        i
  -------         ENDDO         
  C:0060H         LINE#         7
  C:0060H         LINE#         8
  C:0060H         LINE#         10
  C:006DH         LINE#         11
  -------         ENDPROC       DELAY
  -------         PROC          MAIN
  C:0003H         LINE#         12
  C:0003H         LINE#         13
  C:0003H         LINE#         14
  C:0006H         LINE#         15
  C:0006H         LINE#         16
  C:000CH         LINE#         17
  C:000CH         LINE#         18
  C:000FH         LINE#         19
  C:0012H         LINE#         20
  C:001FH         LINE#         21
  C:0032H         LINE#         22
  C:0043H         LINE#         23
  C:0043H         LINE#         24
  C:0046H         LINE#         25
  C:0049H         LINE#         26
  C:0056H         LINE#         27
  -------         ENDPROC       MAIN
  -------         ENDMOD        MAIN

Program Size: data=12.0 xdata=0 code=122
LINK/LOCATE RUN COMPLETE.  0 WARNING(S),  0 ERROR(S)
