BL51 BANKED LINKER/LOCATER V6.22                                                        04/01/2018  13:30:21  PAGE 1


BL51 BANKED LINKER/LOCATER V6.22, INVOKED BY:
C:\KEIL\C51\BIN\BL51.EXE main4.obj TO project RAMSIZE (256)


MEMORY MODEL: SMALL


INPUT MODULES INCLUDED:
  main4.obj (MAIN4)
  C:\KEIL\C51\LIB\C51S.LIB (?C_STARTUP)


LINK MAP OF MODULE:  project (MAIN4)


            TYPE    BASE      LENGTH    RELOCATION   SEGMENT NAME
            -----------------------------------------------------

            * * * * * * *   D A T A   M E M O R Y   * * * * * * *
            REG     0000H     0008H     ABSOLUTE     "REG BANK 0"
            DATA    0008H     0003H     UNIT         _DATA_GROUP_
            IDATA   000BH     0001H     UNIT         ?STACK

            * * * * * * *   C O D E   M E M O R Y   * * * * * * *
            CODE    0000H     0003H     ABSOLUTE     
            CODE    0003H     0067H     UNIT         ?PR?MAIN?MAIN4
            CODE    006AH     001EH     UNIT         ?PR?_DELAY?MAIN4
            CODE    0088H     000CH     UNIT         ?C_C51STARTUP



OVERLAY MAP OF MODULE:   project (MAIN4)


SEGMENT                          DATA_GROUP 
  +--> CALLED SEGMENT          START    LENGTH
----------------------------------------------
?C_C51STARTUP                  -----    -----
  +--> ?PR?MAIN?MAIN4

?PR?MAIN?MAIN4                 0008H    0003H
  +--> ?PR?_DELAY?MAIN4



SYMBOL TABLE OF MODULE:  project (MAIN4)

  VALUE           TYPE          NAME
  ----------------------------------

  -------         MODULE        MAIN4
  C:0000H         SYMBOL        _ICE_DUMMY_
  D:0090H         PUBLIC        P1
  D:00B0H         PUBLIC        P3
  D:00A8H         PUBLIC        IE
  C:006AH         PUBLIC        _delay
  D:00B8H         PUBLIC        IP
  C:0003H         PUBLIC        main
BL51 BANKED LINKER/LOCATER V6.22                                                      04/01/2018  13:30:21  PAGE 2


  D:0098H         PUBLIC        SCON
  D:0088H         PUBLIC        TCON
  D:00C8H         PUBLIC        T2CON
  D:00D0H         PUBLIC        PSW
  -------         PROC          MAIN
  -------         DO            
  D:0008H         SYMBOL        i
  D:000AH         SYMBOL        aa
  -------         ENDDO         
  C:0003H         LINE#         9
  C:0003H         LINE#         10
  C:0003H         LINE#         13
  C:0006H         LINE#         14
  C:0006H         LINE#         15
  C:0006H         LINE#         16
  C:0009H         LINE#         17
  C:000FH         LINE#         18
  C:000FH         LINE#         19
  C:0016H         LINE#         20
  C:0023H         LINE#         21
  C:0025H         LINE#         22
  C:0038H         LINE#         23
  C:0049H         LINE#         24
  C:0049H         LINE#         25
  C:0056H         LINE#         26
  C:005DH         LINE#         27
  C:0060H         LINE#         28
  -------         ENDPROC       MAIN
  -------         PROC          _DELAY
  D:0006H         SYMBOL        xms
  -------         DO            
  D:0006H         SYMBOL        i
  D:0004H         SYMBOL        j
  -------         ENDDO         
  C:006AH         LINE#         35
  C:006AH         LINE#         36
  C:006AH         LINE#         38
  C:0073H         LINE#         39
  C:0087H         LINE#         40
  -------         ENDPROC       _DELAY
  -------         ENDMOD        MAIN4

Program Size: data=12.0 xdata=0 code=148
LINK/LOCATE RUN COMPLETE.  0 WARNING(S),  0 ERROR(S)
